Archive member included because of file (symbol)

c:/winavr-20100110/bin/../lib/gcc/avr/4.3.3/avr5\libgcc.a(_udivmodhi4.o)
                              ./Source/queue.o (__udivmodhi4)
c:/winavr-20100110/bin/../lib/gcc/avr/4.3.3/avr5\libgcc.a(_exit.o)
                              c:/winavr-20100110/bin/../lib/gcc/avr/4.3.3/../../../../avr/lib/avr5/crtm32.o (exit)
c:/winavr-20100110/bin/../lib/gcc/avr/4.3.3/avr5\libgcc.a(_copy_data.o)
                              ./Source/tasks.o (__do_copy_data)
c:/winavr-20100110/bin/../lib/gcc/avr/4.3.3/avr5\libgcc.a(_clear_bss.o)
                              ./Source/portable/MemMang/heap_1.o (__do_clear_bss)
c:/winavr-20100110/bin/../lib/gcc/avr/4.3.3/../../../../avr/lib/avr5\libc.a(memcpy.o)
                              ./Source/queue.o (memcpy)
c:/winavr-20100110/bin/../lib/gcc/avr/4.3.3/../../../../avr/lib/avr5\libc.a(memset.o)
                              ./Source/stream_buffer.o (memset)

Allocating common symbols
Common symbol       size              file

task3ptr            0x2               ./main.o
task2ptr            0x2               ./main.o
xTimers             0x6               ./main.o
task1ptr            0x2               ./main.o

Memory Configuration

Name             Origin             Length             Attributes
text             0x00000000         0x00020000         xr
data             0x00800060         0x0000ffa0         rw !x
eeprom           0x00810000         0x00010000         rw !x
fuse             0x00820000         0x00000400         rw !x
lock             0x00830000         0x00000400         rw !x
signature        0x00840000         0x00000400         rw !x
*default*        0x00000000         0xffffffff

Linker script and memory map

LOAD c:/winavr-20100110/bin/../lib/gcc/avr/4.3.3/../../../../avr/lib/avr5/crtm32.o
LOAD ./Source/portable/MemMang/heap_1.o
LOAD ./Source/portable/GCC/ATMega323/port.o
LOAD ./Source/croutine.o
LOAD ./Source/event_groups.o
LOAD ./Source/list.o
LOAD ./Source/queue.o
LOAD ./Source/stream_buffer.o
LOAD ./Source/tasks.o
LOAD ./Source/timers.o
LOAD ./main.o
LOAD c:/winavr-20100110/bin/../lib/gcc/avr/4.3.3/avr5\libgcc.a
LOAD c:/winavr-20100110/bin/../lib/gcc/avr/4.3.3/../../../../avr/lib/avr5\libc.a
LOAD c:/winavr-20100110/bin/../lib/gcc/avr/4.3.3/avr5\libgcc.a

.hash
 *(.hash)

.dynsym
 *(.dynsym)

.dynstr
 *(.dynstr)

.gnu.version
 *(.gnu.version)

.gnu.version_d
 *(.gnu.version_d)

.gnu.version_r
 *(.gnu.version_r)

.rel.init
 *(.rel.init)

.rela.init
 *(.rela.init)

.rel.text
 *(.rel.text)
 *(.rel.text.*)
 *(.rel.gnu.linkonce.t*)

.rela.text
 *(.rela.text)
 *(.rela.text.*)
 *(.rela.gnu.linkonce.t*)

.rel.fini
 *(.rel.fini)

.rela.fini
 *(.rela.fini)

.rel.rodata
 *(.rel.rodata)
 *(.rel.rodata.*)
 *(.rel.gnu.linkonce.r*)

.rela.rodata
 *(.rela.rodata)
 *(.rela.rodata.*)
 *(.rela.gnu.linkonce.r*)

.rel.data
 *(.rel.data)
 *(.rel.data.*)
 *(.rel.gnu.linkonce.d*)

.rela.data
 *(.rela.data)
 *(.rela.data.*)
 *(.rela.gnu.linkonce.d*)

.rel.ctors
 *(.rel.ctors)

.rela.ctors
 *(.rela.ctors)

.rel.dtors
 *(.rel.dtors)

.rela.dtors
 *(.rela.dtors)

.rel.got
 *(.rel.got)

.rela.got
 *(.rela.got)

.rel.bss
 *(.rel.bss)

.rela.bss
 *(.rela.bss)

.rel.plt
 *(.rel.plt)

.rela.plt
 *(.rela.plt)

.text           0x00000000     0x645a
 *(.vectors)
 .vectors       0x00000000       0x54 c:/winavr-20100110/bin/../lib/gcc/avr/4.3.3/../../../../avr/lib/avr5/crtm32.o
                0x00000000                __vectors
                0x00000000                __vector_default
 *(.vectors)
 *(.progmem.gcc*)
 *(.progmem*)
                0x00000054                . = ALIGN (0x2)
                0x00000054                __trampolines_start = .
 *(.trampolines)
 .trampolines   0x00000054        0x0 linker stubs
 *(.trampolines*)
                0x00000054                __trampolines_end = .
 *(.jumptables)
 *(.jumptables*)
 *(.lowtext)
 *(.lowtext*)
                0x00000054                __ctors_start = .
 *(.ctors)
                0x00000054                __ctors_end = .
                0x00000054                __dtors_start = .
 *(.dtors)
                0x00000054                __dtors_end = .
 SORT(*)(.ctors)
 SORT(*)(.dtors)
 *(.init0)
 .init0         0x00000054        0x0 c:/winavr-20100110/bin/../lib/gcc/avr/4.3.3/../../../../avr/lib/avr5/crtm32.o
                0x00000054                __init
 *(.init0)
 *(.init1)
 *(.init1)
 *(.init2)
 .init2         0x00000054        0xc c:/winavr-20100110/bin/../lib/gcc/avr/4.3.3/../../../../avr/lib/avr5/crtm32.o
 *(.init2)
 *(.init3)
 *(.init3)
 *(.init4)
 .init4         0x00000060       0x16 c:/winavr-20100110/bin/../lib/gcc/avr/4.3.3/avr5\libgcc.a(_copy_data.o)
                0x00000060                __do_copy_data
 .init4         0x00000076       0x10 c:/winavr-20100110/bin/../lib/gcc/avr/4.3.3/avr5\libgcc.a(_clear_bss.o)
                0x00000076                __do_clear_bss
 *(.init4)
 *(.init5)
 *(.init5)
 *(.init6)
 *(.init6)
 *(.init7)
 *(.init7)
 *(.init8)
 *(.init8)
 *(.init9)
 .init9         0x00000086        0x8 c:/winavr-20100110/bin/../lib/gcc/avr/4.3.3/../../../../avr/lib/avr5/crtm32.o
 *(.init9)
 *(.text)
 .text          0x0000008e        0x4 c:/winavr-20100110/bin/../lib/gcc/avr/4.3.3/../../../../avr/lib/avr5/crtm32.o
                0x0000008e                __vector_1
                0x0000008e                __vector_12
                0x0000008e                __bad_interrupt
                0x0000008e                __vector_6
                0x0000008e                __vector_3
                0x0000008e                __vector_11
                0x0000008e                __vector_13
                0x0000008e                __vector_17
                0x0000008e                __vector_19
                0x0000008e                __vector_5
                0x0000008e                __vector_4
                0x0000008e                __vector_9
                0x0000008e                __vector_2
                0x0000008e                __vector_15
                0x0000008e                __vector_8
                0x0000008e                __vector_14
                0x0000008e                __vector_10
                0x0000008e                __vector_16
                0x0000008e                __vector_18
                0x0000008e                __vector_20
 .text          0x00000092        0x0 ./Source/portable/MemMang/heap_1.o
 .text          0x00000092        0x0 ./Source/portable/GCC/ATMega323/port.o
 .text          0x00000092        0x0 ./Source/croutine.o
 .text          0x00000092        0x0 ./Source/event_groups.o
 .text          0x00000092        0x0 ./Source/list.o
 .text          0x00000092        0x0 ./Source/queue.o
 .text          0x00000092        0x0 ./Source/stream_buffer.o
 .text          0x00000092        0x0 ./Source/tasks.o
 .text          0x00000092        0x0 ./Source/timers.o
 .text          0x00000092        0x0 ./main.o
 .text          0x00000092        0x0 c:/winavr-20100110/bin/../lib/gcc/avr/4.3.3/avr5\libgcc.a(_udivmodhi4.o)
 .text          0x00000092        0x0 c:/winavr-20100110/bin/../lib/gcc/avr/4.3.3/avr5\libgcc.a(_exit.o)
 .text          0x00000092        0x0 c:/winavr-20100110/bin/../lib/gcc/avr/4.3.3/avr5\libgcc.a(_copy_data.o)
 .text          0x00000092        0x0 c:/winavr-20100110/bin/../lib/gcc/avr/4.3.3/avr5\libgcc.a(_clear_bss.o)
 .text          0x00000092        0x0 c:/winavr-20100110/bin/../lib/gcc/avr/4.3.3/../../../../avr/lib/avr5\libc.a(memcpy.o)
 .text          0x00000092        0x0 c:/winavr-20100110/bin/../lib/gcc/avr/4.3.3/../../../../avr/lib/avr5\libc.a(memset.o)
                0x00000092                . = ALIGN (0x2)
 *(.text.*)
 .text.pvPortMalloc
                0x00000092       0xb4 ./Source/portable/MemMang/heap_1.o
                0x00000092                pvPortMalloc
 .text.vPortFree
                0x00000146       0x18 ./Source/portable/MemMang/heap_1.o
                0x00000146                vPortFree
 .text.vPortInitialiseBlocks
                0x0000015e       0x16 ./Source/portable/MemMang/heap_1.o
                0x0000015e                vPortInitialiseBlocks
 .text.xPortGetFreeHeapSize
                0x00000174       0x1e ./Source/portable/MemMang/heap_1.o
                0x00000174                xPortGetFreeHeapSize
 .text.pxPortInitialiseStack
                0x00000192      0x306 ./Source/portable/GCC/ATMega323/port.o
                0x00000192                pxPortInitialiseStack
 .text.xPortStartScheduler
                0x00000498       0x6a ./Source/portable/GCC/ATMega323/port.o
                0x00000498                xPortStartScheduler
 .text.vPortEndScheduler
                0x00000502        0xe ./Source/portable/GCC/ATMega323/port.o
                0x00000502                vPortEndScheduler
 .text.vPortYield
                0x00000510       0xb2 ./Source/portable/GCC/ATMega323/port.o
                0x00000510                vPortYield
 .text.vPortYieldFromTick
                0x000005c2       0xba ./Source/portable/GCC/ATMega323/port.o
                0x000005c2                vPortYieldFromTick
 .text.prvSetupTimerInterrupt
                0x0000067c       0xb8 ./Source/portable/GCC/ATMega323/port.o
 .text.__vector_7
                0x00000734        0x6 ./Source/portable/GCC/ATMega323/port.o
                0x00000734                __vector_7
 .text.xEventGroupCreate
                0x0000073a       0x3e ./Source/event_groups.o
                0x0000073a                xEventGroupCreate
 .text.xEventGroupSync
                0x00000778      0x172 ./Source/event_groups.o
                0x00000778                xEventGroupSync
 .text.xEventGroupWaitBits
                0x000008ea      0x18c ./Source/event_groups.o
                0x000008ea                xEventGroupWaitBits
 .text.xEventGroupClearBits
                0x00000a76       0x6c ./Source/event_groups.o
                0x00000a76                xEventGroupClearBits
 .text.xEventGroupGetBitsFromISR
                0x00000ae2       0x44 ./Source/event_groups.o
                0x00000ae2                xEventGroupGetBitsFromISR
 .text.xEventGroupSetBits
                0x00000b26      0x164 ./Source/event_groups.o
                0x00000b26                xEventGroupSetBits
 .text.vEventGroupDelete
                0x00000c8a       0x62 ./Source/event_groups.o
                0x00000c8a                vEventGroupDelete
 .text.vEventGroupSetBitsCallback
                0x00000cec       0x3a ./Source/event_groups.o
                0x00000cec                vEventGroupSetBitsCallback
 .text.vEventGroupClearBitsCallback
                0x00000d26       0x3a ./Source/event_groups.o
                0x00000d26                vEventGroupClearBitsCallback
 .text.prvTestWaitCondition
                0x00000d60       0x64 ./Source/event_groups.o
 .text.vListInitialise
                0x00000dc4       0x54 ./Source/list.o
                0x00000dc4                vListInitialise
 .text.vListInitialiseItem
                0x00000e18       0x20 ./Source/list.o
                0x00000e18                vListInitialiseItem
 .text.vListInsertEnd
                0x00000e38       0x88 ./Source/list.o
                0x00000e38                vListInsertEnd
 .text.vListInsert
                0x00000ec0       0xd8 ./Source/list.o
                0x00000ec0                vListInsert
 .text.uxListRemove
                0x00000f98       0x98 ./Source/list.o
                0x00000f98                uxListRemove
 .text.xQueueGenericReset
                0x00001030      0x156 ./Source/queue.o
                0x00001030                xQueueGenericReset
 .text.xQueueGenericCreate
                0x00001186       0xe8 ./Source/queue.o
                0x00001186                xQueueGenericCreate
 .text.prvInitialiseNewQueue
                0x0000126e       0x76 ./Source/queue.o
 .text.xQueueGenericSend
                0x000012e4      0x158 ./Source/queue.o
                0x000012e4                xQueueGenericSend
 .text.xQueueGenericSendFromISR
                0x0000143c       0xc6 ./Source/queue.o
                0x0000143c                xQueueGenericSendFromISR
 .text.xQueueGiveFromISR
                0x00001502       0xb0 ./Source/queue.o
                0x00001502                xQueueGiveFromISR
 .text.xQueueReceive
                0x000015b2      0x156 ./Source/queue.o
                0x000015b2                xQueueReceive
 .text.xQueueSemaphoreTake
                0x00001708      0x144 ./Source/queue.o
                0x00001708                xQueueSemaphoreTake
 .text.xQueuePeek
                0x0000184c      0x164 ./Source/queue.o
                0x0000184c                xQueuePeek
 .text.xQueueReceiveFromISR
                0x000019b0       0xbc ./Source/queue.o
                0x000019b0                xQueueReceiveFromISR
 .text.xQueuePeekFromISR
                0x00001a6c       0x72 ./Source/queue.o
                0x00001a6c                xQueuePeekFromISR
 .text.uxQueueMessagesWaiting
                0x00001ade       0x30 ./Source/queue.o
                0x00001ade                uxQueueMessagesWaiting
 .text.uxQueueSpacesAvailable
                0x00001b0e       0x4a ./Source/queue.o
                0x00001b0e                uxQueueSpacesAvailable
 .text.uxQueueMessagesWaitingFromISR
                0x00001b58       0x34 ./Source/queue.o
                0x00001b58                uxQueueMessagesWaitingFromISR
 .text.vQueueDelete
                0x00001b8c       0x2e ./Source/queue.o
                0x00001b8c                vQueueDelete
 .text.prvCopyDataToQueue
                0x00001bba      0x14c ./Source/queue.o
 .text.prvCopyDataFromQueue
                0x00001d06       0x8e ./Source/queue.o
 .text.prvUnlockQueue
                0x00001d94       0xa6 ./Source/queue.o
 .text.prvIsQueueEmpty
                0x00001e3a       0x3a ./Source/queue.o
 .text.xQueueIsQueueEmptyFromISR
                0x00001e74       0x3e ./Source/queue.o
                0x00001e74                xQueueIsQueueEmptyFromISR
 .text.prvIsQueueFull
                0x00001eb2       0x40 ./Source/queue.o
 .text.xQueueIsQueueFullFromISR
                0x00001ef2       0x44 ./Source/queue.o
                0x00001ef2                xQueueIsQueueFullFromISR
 .text.vQueueWaitForMessageRestricted
                0x00001f36       0x86 ./Source/queue.o
                0x00001f36                vQueueWaitForMessageRestricted
 .text.xStreamBufferGenericCreate
                0x00001fbc       0xd8 ./Source/stream_buffer.o
                0x00001fbc                xStreamBufferGenericCreate
 .text.vStreamBufferDelete
                0x00002094       0x52 ./Source/stream_buffer.o
                0x00002094                vStreamBufferDelete
 .text.xStreamBufferReset
                0x000020e6       0xb4 ./Source/stream_buffer.o
                0x000020e6                xStreamBufferReset
 .text.xStreamBufferSetTriggerLevel
                0x0000219a       0x6e ./Source/stream_buffer.o
                0x0000219a                xStreamBufferSetTriggerLevel
 .text.xStreamBufferSpacesAvailable
                0x00002208       0xb0 ./Source/stream_buffer.o
                0x00002208                xStreamBufferSpacesAvailable
 .text.xStreamBufferBytesAvailable
                0x000022b8       0x3c ./Source/stream_buffer.o
                0x000022b8                xStreamBufferBytesAvailable
 .text.xStreamBufferSend
                0x000022f4      0x1dc ./Source/stream_buffer.o
                0x000022f4                xStreamBufferSend
 .text.xStreamBufferSendFromISR
                0x000024d0      0x104 ./Source/stream_buffer.o
                0x000024d0                xStreamBufferSendFromISR
 .text.prvWriteMessageToBuffer
                0x000025d4       0xf8 ./Source/stream_buffer.o
 .text.xStreamBufferReceive
                0x000026cc      0x17c ./Source/stream_buffer.o
                0x000026cc                xStreamBufferReceive
 .text.xStreamBufferNextMessageLengthBytes
                0x00002848       0x92 ./Source/stream_buffer.o
                0x00002848                xStreamBufferNextMessageLengthBytes
 .text.xStreamBufferReceiveFromISR
                0x000028da       0xf0 ./Source/stream_buffer.o
                0x000028da                xStreamBufferReceiveFromISR
 .text.prvReadMessageFromBuffer
                0x000029ca       0xfc ./Source/stream_buffer.o
 .text.xStreamBufferIsEmpty
                0x00002ac6       0x5a ./Source/stream_buffer.o
                0x00002ac6                xStreamBufferIsEmpty
 .text.xStreamBufferIsFull
                0x00002b20       0x70 ./Source/stream_buffer.o
                0x00002b20                xStreamBufferIsFull
 .text.xStreamBufferSendCompletedFromISR
                0x00002b90       0x8c ./Source/stream_buffer.o
                0x00002b90                xStreamBufferSendCompletedFromISR
 .text.xStreamBufferReceiveCompletedFromISR
                0x00002c1c       0x8c ./Source/stream_buffer.o
                0x00002c1c                xStreamBufferReceiveCompletedFromISR
 .text.prvWriteBytesToBuffer
                0x00002ca8      0x106 ./Source/stream_buffer.o
 .text.prvReadBytesFromBuffer
                0x00002dae      0x10a ./Source/stream_buffer.o
 .text.prvBytesInBuffer
                0x00002eb8       0x74 ./Source/stream_buffer.o
 .text.prvInitialiseNewStreamBuffer
                0x00002f2c       0x90 ./Source/stream_buffer.o
 .text.xTaskCreate
                0x00002fbc      0x100 ./Source/tasks.o
                0x00002fbc                xTaskCreate
 .text.prvInitialiseNewTask
                0x000030bc      0x15e ./Source/tasks.o
 .text.prvAddNewTaskToReadyList
                0x0000321a      0x17a ./Source/tasks.o
 .text.vTaskDelete
                0x00003394       0xf6 ./Source/tasks.o
                0x00003394                vTaskDelete
 .text.xTaskDelayUntil
                0x0000348a       0xe6 ./Source/tasks.o
                0x0000348a                xTaskDelayUntil
 .text.vTaskDelay
                0x00003570       0x44 ./Source/tasks.o
                0x00003570                vTaskDelay
 .text.vTaskStartScheduler
                0x000035b4       0x76 ./Source/tasks.o
                0x000035b4                vTaskStartScheduler
 .text.vTaskEndScheduler
                0x0000362a       0x18 ./Source/tasks.o
                0x0000362a                vTaskEndScheduler
 .text.vTaskSuspendAll
                0x00003642       0x18 ./Source/tasks.o
                0x00003642                vTaskSuspendAll
 .text.xTaskResumeAll
                0x0000365a      0x2a0 ./Source/tasks.o
                0x0000365a                xTaskResumeAll
 .text.xTaskGetTickCount
                0x000038fa       0x2e ./Source/tasks.o
                0x000038fa                xTaskGetTickCount
 .text.xTaskGetTickCountFromISR
                0x00003928       0x2a ./Source/tasks.o
                0x00003928                xTaskGetTickCountFromISR
 .text.uxTaskGetNumberOfTasks
                0x00003952       0x12 ./Source/tasks.o
                0x00003952                uxTaskGetNumberOfTasks
 .text.pcTaskGetName
                0x00003964       0x50 ./Source/tasks.o
                0x00003964                pcTaskGetName
 .text.xTaskCatchUpTicks
                0x000039b4       0x4a ./Source/tasks.o
                0x000039b4                xTaskCatchUpTicks
 .text.xTaskIncrementTick
                0x000039fe      0x32e ./Source/tasks.o
                0x000039fe                xTaskIncrementTick
 .text.vTaskSwitchContext
                0x00003d2c       0xda ./Source/tasks.o
                0x00003d2c                vTaskSwitchContext
 .text.vTaskPlaceOnEventList
                0x00003e06       0x44 ./Source/tasks.o
                0x00003e06                vTaskPlaceOnEventList
 .text.vTaskPlaceOnUnorderedEventList
                0x00003e4a       0xca ./Source/tasks.o
                0x00003e4a                vTaskPlaceOnUnorderedEventList
 .text.vTaskPlaceOnEventListRestricted
                0x00003f14       0xc4 ./Source/tasks.o
                0x00003f14                vTaskPlaceOnEventListRestricted
 .text.xTaskRemoveFromEventList
                0x00003fd8      0x288 ./Source/tasks.o
                0x00003fd8                xTaskRemoveFromEventList
 .text.vTaskRemoveFromUnorderedEventList
                0x00004260      0x21c ./Source/tasks.o
                0x00004260                vTaskRemoveFromUnorderedEventList
 .text.vTaskSetTimeOutState
                0x0000447c       0x3c ./Source/tasks.o
                0x0000447c                vTaskSetTimeOutState
 .text.vTaskInternalSetTimeOutState
                0x000044b8       0x32 ./Source/tasks.o
                0x000044b8                vTaskInternalSetTimeOutState
 .text.xTaskCheckForTimeOut
                0x000044ea       0xce ./Source/tasks.o
                0x000044ea                xTaskCheckForTimeOut
 .text.vTaskMissedYield
                0x000045b8       0x14 ./Source/tasks.o
                0x000045b8                vTaskMissedYield
 .text.prvIdleTask
                0x000045cc       0x20 ./Source/tasks.o
 .text.prvInitialiseTaskLists
                0x000045ec       0x7a ./Source/tasks.o
 .text.prvCheckTasksWaitingTermination
                0x00004666       0x5e ./Source/tasks.o
 .text.prvDeleteTCB
                0x000046c4       0x2c ./Source/tasks.o
 .text.prvResetNextTaskUnblockTime
                0x000046f0       0x44 ./Source/tasks.o
 .text.xTaskGetCurrentTaskHandle
                0x00004734       0x24 ./Source/tasks.o
                0x00004734                xTaskGetCurrentTaskHandle
 .text.xTaskGetSchedulerState
                0x00004758       0x32 ./Source/tasks.o
                0x00004758                xTaskGetSchedulerState
 .text.uxTaskResetEventItemValue
                0x0000478a       0x4e ./Source/tasks.o
                0x0000478a                uxTaskResetEventItemValue
 .text.ulTaskGenericNotifyTake
                0x000047d8      0x16c ./Source/tasks.o
                0x000047d8                ulTaskGenericNotifyTake
 .text.xTaskGenericNotifyWait
                0x00004944      0x1ee ./Source/tasks.o
                0x00004944                xTaskGenericNotifyWait
 .text.xTaskGenericNotify
                0x00004b32      0x37c ./Source/tasks.o
                0x00004b32                xTaskGenericNotify
 .text.xTaskGenericNotifyFromISR
                0x00004eae      0x3fe ./Source/tasks.o
                0x00004eae                xTaskGenericNotifyFromISR
 .text.vTaskGenericNotifyGiveFromISR
                0x000052ac      0x2a0 ./Source/tasks.o
                0x000052ac                vTaskGenericNotifyGiveFromISR
 .text.xTaskGenericNotifyStateClear
                0x0000554c       0x92 ./Source/tasks.o
                0x0000554c                xTaskGenericNotifyStateClear
 .text.ulTaskGenericNotifyValueClear
                0x000055de      0x104 ./Source/tasks.o
                0x000055de                ulTaskGenericNotifyValueClear
 .text.prvAddCurrentTaskToDelayedList
                0x000056e2       0xcc ./Source/tasks.o
 .text.xTimerCreateTimerTask
                0x000057ae       0x52 ./Source/timers.o
                0x000057ae                xTimerCreateTimerTask
 .text.xTimerCreate
                0x00005800       0x86 ./Source/timers.o
                0x00005800                xTimerCreate
 .text.prvInitialiseNewTimer
                0x00005886       0x9e ./Source/timers.o
 .text.xTimerGenericCommand
                0x00005924       0xca ./Source/timers.o
                0x00005924                xTimerGenericCommand
 .text.xTimerGetTimerDaemonTaskHandle
                0x000059ee       0x16 ./Source/timers.o
                0x000059ee                xTimerGetTimerDaemonTaskHandle
 .text.xTimerGetPeriod
                0x00005a04       0x2e ./Source/timers.o
                0x00005a04                xTimerGetPeriod
 .text.vTimerSetReloadMode
                0x00005a32       0x5a ./Source/timers.o
                0x00005a32                vTimerSetReloadMode
 .text.xTimerGetReloadMode
                0x00005a8c       0x50 ./Source/timers.o
                0x00005a8c                xTimerGetReloadMode
 .text.uxTimerGetReloadMode
                0x00005adc       0x20 ./Source/timers.o
                0x00005adc                uxTimerGetReloadMode
 .text.xTimerGetExpiryTime
                0x00005afc       0x3c ./Source/timers.o
                0x00005afc                xTimerGetExpiryTime
 .text.pcTimerGetName
                0x00005b38       0x2e ./Source/timers.o
                0x00005b38                pcTimerGetName
 .text.prvReloadTimer
                0x00005b66       0x7e ./Source/timers.o
 .text.prvProcessExpiredTimer
                0x00005be4       0x8c ./Source/timers.o
 .text.prvTimerTask
                0x00005c70       0x30 ./Source/timers.o
 .text.prvProcessTimerOrBlockTask
                0x00005ca0       0xae ./Source/timers.o
 .text.prvGetNextExpireTime
                0x00005d4e       0x68 ./Source/timers.o
 .text.prvSampleTimeNow
                0x00005db6       0x5c ./Source/timers.o
 .text.prvInsertTimerInActiveList
                0x00005e12       0xd0 ./Source/timers.o
 .text.prvProcessReceivedCommands
                0x00005ee2      0x1f6 ./Source/timers.o
 .text.prvSwitchTimerLists
                0x000060d8       0x74 ./Source/timers.o
 .text.prvCheckForValidListAndQueue
                0x0000614c       0x5e ./Source/timers.o
 .text.xTimerIsTimerActive
                0x000061aa       0x50 ./Source/timers.o
                0x000061aa                xTimerIsTimerActive
 .text.pvTimerGetTimerID
                0x000061fa       0x46 ./Source/timers.o
                0x000061fa                pvTimerGetTimerID
 .text.vTimerSetTimerID
                0x00006240       0x46 ./Source/timers.o
                0x00006240                vTimerSetTimerID
 .text.main     0x00006286       0xda ./main.o
                0x00006286                main
 .text.Task1_Func
                0x00006360       0x3a ./main.o
                0x00006360                Task1_Func
 .text.Task2_Func
                0x0000639a       0x3a ./main.o
                0x0000639a                Task2_Func
 .text.Task3_Func
                0x000063d4       0x3a ./main.o
                0x000063d4                Task3_Func
 .text.libgcc   0x0000640e       0x28 c:/winavr-20100110/bin/../lib/gcc/avr/4.3.3/avr5\libgcc.a(_udivmodhi4.o)
                0x0000640e                __udivmodhi4
 .text.libgcc   0x00006436        0x0 c:/winavr-20100110/bin/../lib/gcc/avr/4.3.3/avr5\libgcc.a(_exit.o)
 .text.libgcc   0x00006436        0x0 c:/winavr-20100110/bin/../lib/gcc/avr/4.3.3/avr5\libgcc.a(_copy_data.o)
 .text.libgcc   0x00006436        0x0 c:/winavr-20100110/bin/../lib/gcc/avr/4.3.3/avr5\libgcc.a(_clear_bss.o)
 .text.avr-libc
                0x00006436       0x12 c:/winavr-20100110/bin/../lib/gcc/avr/4.3.3/../../../../avr/lib/avr5\libc.a(memcpy.o)
                0x00006436                memcpy
 .text.avr-libc
                0x00006448        0xe c:/winavr-20100110/bin/../lib/gcc/avr/4.3.3/../../../../avr/lib/avr5\libc.a(memset.o)
                0x00006448                memset
                0x00006456                . = ALIGN (0x2)
 *(.fini9)
 .fini9         0x00006456        0x0 c:/winavr-20100110/bin/../lib/gcc/avr/4.3.3/avr5\libgcc.a(_exit.o)
                0x00006456                exit
                0x00006456                _exit
 *(.fini9)
 *(.fini8)
 *(.fini8)
 *(.fini7)
 *(.fini7)
 *(.fini6)
 *(.fini6)
 *(.fini5)
 *(.fini5)
 *(.fini4)
 *(.fini4)
 *(.fini3)
 *(.fini3)
 *(.fini2)
 *(.fini2)
 *(.fini1)
 *(.fini1)
 *(.fini0)
 .fini0         0x00006456        0x4 c:/winavr-20100110/bin/../lib/gcc/avr/4.3.3/avr5\libgcc.a(_exit.o)
 *(.fini0)
                0x0000645a                _etext = .

.data           0x00800060       0x24 load address 0x0000645a
                0x00800060                PROVIDE (__data_start, .)
 *(.data)
 .data          0x00800060        0x0 c:/winavr-20100110/bin/../lib/gcc/avr/4.3.3/../../../../avr/lib/avr5/crtm32.o
 .data          0x00800060        0x0 ./Source/portable/MemMang/heap_1.o
 .data          0x00800060        0x0 ./Source/portable/GCC/ATMega323/port.o
 .data          0x00800060        0x0 ./Source/croutine.o
 .data          0x00800060        0x0 ./Source/event_groups.o
 .data          0x00800060        0x0 ./Source/list.o
 .data          0x00800060        0x0 ./Source/queue.o
 .data          0x00800060        0x0 ./Source/stream_buffer.o
 .data          0x00800060        0x5 ./Source/tasks.o
 .data          0x00800065        0x8 ./Source/timers.o
 .data          0x0080006d       0x15 ./main.o
 .data          0x00800082        0x0 c:/winavr-20100110/bin/../lib/gcc/avr/4.3.3/avr5\libgcc.a(_udivmodhi4.o)
 .data          0x00800082        0x0 c:/winavr-20100110/bin/../lib/gcc/avr/4.3.3/avr5\libgcc.a(_exit.o)
 .data          0x00800082        0x0 c:/winavr-20100110/bin/../lib/gcc/avr/4.3.3/avr5\libgcc.a(_copy_data.o)
 .data          0x00800082        0x0 c:/winavr-20100110/bin/../lib/gcc/avr/4.3.3/avr5\libgcc.a(_clear_bss.o)
 .data          0x00800082        0x0 c:/winavr-20100110/bin/../lib/gcc/avr/4.3.3/../../../../avr/lib/avr5\libc.a(memcpy.o)
 .data          0x00800082        0x0 c:/winavr-20100110/bin/../lib/gcc/avr/4.3.3/../../../../avr/lib/avr5\libc.a(memset.o)
 *(.data*)
 .data.uxTopUsedPriority
                0x00800082        0x1 ./Source/tasks.o
                0x00800082                uxTopUsedPriority
 *(.rodata)
 *(.rodata*)
 *(.gnu.linkonce.d*)
                0x00800084                . = ALIGN (0x2)
 *fill*         0x00800083        0x1 00
                0x00800084                _edata = .
                0x00800084                PROVIDE (__data_end, .)

.bss            0x00800084      0x666
                0x00800084                PROVIDE (__bss_start, .)
 *(.bss)
 .bss           0x00800084        0x0 c:/winavr-20100110/bin/../lib/gcc/avr/4.3.3/../../../../avr/lib/avr5/crtm32.o
 .bss           0x00800084        0x0 ./Source/portable/MemMang/heap_1.o
 .bss           0x00800084        0x0 ./Source/portable/GCC/ATMega323/port.o
 .bss           0x00800084        0x0 ./Source/croutine.o
 .bss           0x00800084        0x0 ./Source/event_groups.o
 .bss           0x00800084        0x0 ./Source/list.o
 .bss           0x00800084        0x0 ./Source/queue.o
 .bss           0x00800084        0x0 ./Source/stream_buffer.o
 .bss           0x00800084        0x0 ./Source/tasks.o
 .bss           0x00800084        0x0 ./Source/timers.o
 .bss           0x00800084        0x0 ./main.o
 .bss           0x00800084        0x0 c:/winavr-20100110/bin/../lib/gcc/avr/4.3.3/avr5\libgcc.a(_udivmodhi4.o)
 .bss           0x00800084        0x0 c:/winavr-20100110/bin/../lib/gcc/avr/4.3.3/avr5\libgcc.a(_exit.o)
 .bss           0x00800084        0x0 c:/winavr-20100110/bin/../lib/gcc/avr/4.3.3/avr5\libgcc.a(_copy_data.o)
 .bss           0x00800084        0x0 c:/winavr-20100110/bin/../lib/gcc/avr/4.3.3/avr5\libgcc.a(_clear_bss.o)
 .bss           0x00800084        0x0 c:/winavr-20100110/bin/../lib/gcc/avr/4.3.3/../../../../avr/lib/avr5\libc.a(memcpy.o)
 .bss           0x00800084        0x0 c:/winavr-20100110/bin/../lib/gcc/avr/4.3.3/../../../../avr/lib/avr5\libc.a(memset.o)
 *(.bss*)
 .bss.xNextFreeByte
                0x00800084        0x2 ./Source/portable/MemMang/heap_1.o
 .bss.pucAlignedHeap.1672
                0x00800086        0x2 ./Source/portable/MemMang/heap_1.o
 .bss.ucHeap    0x00800088      0x5dc ./Source/portable/MemMang/heap_1.o
 .bss.pxCurrentTCB
                0x00800664        0x2 ./Source/tasks.o
                0x00800664                pxCurrentTCB
 .bss.uxDeletedTasksWaitingCleanUp
                0x00800666        0x1 ./Source/tasks.o
 .bss.uxCurrentNumberOfTasks
                0x00800667        0x1 ./Source/tasks.o
 .bss.xTickCount
                0x00800668        0x2 ./Source/tasks.o
 .bss.uxTopReadyPriority
                0x0080066a        0x1 ./Source/tasks.o
 .bss.xSchedulerRunning
                0x0080066b        0x1 ./Source/tasks.o
 .bss.xPendedTicks
                0x0080066c        0x2 ./Source/tasks.o
 .bss.xYieldPending
                0x0080066e        0x1 ./Source/tasks.o
 .bss.xNumOfOverflows
                0x0080066f        0x1 ./Source/tasks.o
 .bss.uxTaskNumber
                0x00800670        0x1 ./Source/tasks.o
 .bss.xNextTaskUnblockTime
                0x00800671        0x2 ./Source/tasks.o
 .bss.xIdleTaskHandle
                0x00800673        0x2 ./Source/tasks.o
 .bss.uxSchedulerSuspended
                0x00800675        0x1 ./Source/tasks.o
 .bss.pxReadyTasksLists
                0x00800676       0x24 ./Source/tasks.o
 .bss.xDelayedTaskList1
                0x0080069a        0x9 ./Source/tasks.o
 .bss.xDelayedTaskList2
                0x008006a3        0x9 ./Source/tasks.o
 .bss.pxDelayedTaskList
                0x008006ac        0x2 ./Source/tasks.o
 .bss.pxOverflowDelayedTaskList
                0x008006ae        0x2 ./Source/tasks.o
 .bss.xPendingReadyList
                0x008006b0        0x9 ./Source/tasks.o
 .bss.xTasksWaitingTermination
                0x008006b9        0x9 ./Source/tasks.o
 .bss.xTimerQueue
                0x008006c2        0x2 ./Source/timers.o
 .bss.xTimerTaskHandle
                0x008006c4        0x2 ./Source/timers.o
 .bss.xLastTime.2097
                0x008006c6        0x2 ./Source/timers.o
 .bss.xActiveTimerList1
                0x008006c8        0x9 ./Source/timers.o
 .bss.xActiveTimerList2
                0x008006d1        0x9 ./Source/timers.o
 .bss.pxCurrentTimerList
                0x008006da        0x2 ./Source/timers.o
 .bss.pxOverflowTimerList
                0x008006dc        0x2 ./Source/timers.o
 *(COMMON)
 COMMON         0x008006de        0xc ./main.o
                0x008006de                task3ptr
                0x008006e0                task2ptr
                0x008006e2                xTimers
                0x008006e8                task1ptr
                0x008006ea                PROVIDE (__bss_end, .)
                0x0000645a                __data_load_start = LOADADDR (.data)
                0x0000647e                __data_load_end = (__data_load_start + SIZEOF (.data))

.noinit         0x008006ea        0x0
                0x008006ea                PROVIDE (__noinit_start, .)
 *(.noinit*)
                0x008006ea                PROVIDE (__noinit_end, .)
                0x008006ea                _end = .
                0x008006ea                PROVIDE (__heap_start, .)

.eeprom         0x00810000        0x0
 *(.eeprom*)
                0x00810000                __eeprom_end = .

.fuse
 *(.fuse)
 *(.lfuse)
 *(.hfuse)
 *(.efuse)

.lock
 *(.lock*)

.signature
 *(.signature*)

.stab           0x00000000     0x9210
 *(.stab)
 .stab          0x00000000      0x7d4 ./Source/portable/MemMang/heap_1.o
 .stab          0x000007d4      0x840 ./Source/portable/GCC/ATMega323/port.o
                                0xcfc (size before relaxing)
 .stab          0x00001014      0x30c ./Source/croutine.o
                                0x648 (size before relaxing)
 .stab          0x00001320      0xc6c ./Source/event_groups.o
                               0x1134 (size before relaxing)
 .stab          0x00001f8c      0x474 ./Source/list.o
                                0x870 (size before relaxing)
 .stab          0x00002400     0x1be4 ./Source/queue.o
                               0x20ac (size before relaxing)
 .stab          0x00003fe4     0x1644 ./Source/stream_buffer.o
                               0x1aa0 (size before relaxing)
 .stab          0x00005628     0x2694 ./Source/tasks.o
                               0x2b8c (size before relaxing)
 .stab          0x00007cbc     0x11d0 ./Source/timers.o
                               0x16f8 (size before relaxing)
 .stab          0x00008e8c      0x384 ./main.o
                                0x834 (size before relaxing)

.stabstr        0x00000000     0x54c1
 *(.stabstr)
 .stabstr       0x00000000     0x54c1 ./Source/portable/MemMang/heap_1.o

.stab.excl
 *(.stab.excl)

.stab.exclstr
 *(.stab.exclstr)

.stab.index
 *(.stab.index)

.stab.indexstr
 *(.stab.indexstr)

.comment
 *(.comment)

.debug
 *(.debug)

.line
 *(.line)

.debug_srcinfo
 *(.debug_srcinfo)

.debug_sfnames
 *(.debug_sfnames)

.debug_aranges
 *(.debug_aranges)

.debug_pubnames
 *(.debug_pubnames)

.debug_info
 *(.debug_info)
 *(.gnu.linkonce.wi.*)

.debug_abbrev
 *(.debug_abbrev)

.debug_line
 *(.debug_line)

.debug_frame
 *(.debug_frame)

.debug_str
 *(.debug_str)

.debug_loc
 *(.debug_loc)

.debug_macinfo
 *(.debug_macinfo)
OUTPUT(test_rtos.elf elf32-avr)
LOAD linker stubs
